Microchip MPLAB XC8 Compiler V1.35 ()

Linker command line:

-W-3 --edf=/Applications/microchip/xc8/v1.35/dat/en_msgs.txt -cs \
  -h+dist/Lite_Version/production/JibunKeyboard.X.production.sym \
  --cmf=dist/Lite_Version/production/JibunKeyboard.X.production.cmf -z \
  -Q18F14K50 -o/tmp/xcGofS3DX \
  -Mdist/Lite_Version/production/JibunKeyboard.X.production.map -E1 \
  -ver=XC8 -ASTACK=0C1h-01ffh -pstack=STACK -ACODE=00h-03FFFh \
  -ACONST=00h-03FFFh -ASMALLCONST=0300h-03FFhx61 -AMEDIUMCONST=0300h-03FFFh \
  -ACOMRAM=01h-05Fh -AABS1=00h-02FFh -ABIGRAM=01h-02FFh \
  -ARAM=060h-0FFh,0100h-01FFhx2 -ABANK0=060h-0FFh -ABANK1=0100h-01FFh \
  -ABANK2=0200h-02FFh -ASFR=0F53h-0F5Fh,0F60h-0FFFh \
  -preset_vec=00h,intcode=08h,intcodelo,powerup,init,end_init \
  -pramtop=0300h -psmallconst=SMALLCONST -pmediumconst=MEDIUMCONST \
  -pconst=CONST -AFARRAM=00h-00h -ACONFIG=0300000h-030000Dh -pconfig=CONFIG \
  -AIDLOC=0200000h-0200007h -pidloc=IDLOC -AEEDATA=0F00000h-0F000FFh \
  -peeprom_data=EEDATA \
  -prdata=COMRAM,nvrram=COMRAM,nvbit=COMRAM,rbss=COMRAM,rbit=COMRAM \
  -pfarbss=FARRAM,fardata=FARRAM,nvFARRAM=FARRAM \
  -pintsave_regs=BIGRAM,bigbss=BIGRAM,bigdata=BIGRAM -pbss=RAM \
  -pidata=CODE,irdata=CODE,ibigdata=CODE,ifardata=CODE -prparam=COMRAM \
  /tmp/xcdQVZVeR.obj \
  dist/Lite_Version/production/JibunKeyboard.X.production.obj 

Object code version is 3.11

Machine type is 18F14K50

Call graph: (short form)




                Name                               Link     Load   Length Selector   Space Scale
/tmp/xcdQVZVeR.obj
                end_init                             82       82        4        4       0
                reset_vec                             0        0        4        0       0
                idloc                            200000   200000        8   200000       0
                config                           300000   300000        E   300000       0
dist/Lite_Version/production/JibunKeyboard.X.production.obj
                eeprom_data                      F00000   F00000       30   F00000       0
                intcode                               8        8       7A        4       0
                temp                                 55       55        1        1       1
                smallconst                          300      300       D4      180       0
                text49                             1AF8     1AF8       CE      1EA       0
                text48                             24B4     24B4        2      1EA       0
                text47                             16BC     16BC       E0      1EA       0
                text46                             1A2A     1A2A       CE      1EA       0
                text45                              F70      F70      130      1EA       0
                text44                             2126     2126       60      1EA       0
                text43                             1E8C     1E8C       94      1EA       0
                text42                             224A     224A       3C      1EA       0
                text41                             1C86     1C86       BA      1EA       0
                text40                             20C6     20C6       60      1EA       0
                text39                             247C     247C       12      1EA       0
                text38                             243C     243C       1C      1EA       0
                text37                             15D0     15D0       EC      1EA       0
                text36                             249E     249E       10      1EA       0
                text35                             246A     246A       12      1EA       0
                text34                             1BC6     1BC6       C0      1EA       0
                text33                             241A     241A       22      1EA       0
                text32                             1FB2     1FB2       8C      1EA       0
                text31                              8F2      8F2      27E      1EA       0
                text30                             11CC     11CC      120      1EA       0
                text29                             1D40     1D40       B0      1EA       0
                text28                             2352     2352       2C      1EA       0
                text27                             179C     179C       DC      1EA       0
                text26                             1878     1878       DA      1EA       0
                text25                             1DF0     1DF0       9C      1EA       0
                text24                             12EC     12EC      100      1EA       0
                text23                             203E     203E       88      1EA       0
                text22                             21CC     21CC       40      1EA       0
                text21                             1F20     1F20       92      1EA       0
                text20                             23A6     23A6       28      1EA       0
                text19                             2186     2186       46      1EA       0
                text18                             2322     2322       30      1EA       0
                text17                             2286     2286       36      1EA       0
                text16                              CE4      CE4      156      1EA       0
                text15                              E3A      E3A      136      1EA       0
                text13                             24AE     24AE        6      1EA       0
                text12                             220C     220C       3E      1EA       0
                text11                             10A0     10A0      12C      1EA       0
                text10                             14E0     14E0       F0      1EA       0
                text9                              1952     1952       D8      1EA       0
                text8                              22BC     22BC       34      1EA       0
                text7                               3D4      3D4      51E      1EA       0
                text6                              248E     248E       10      1EA       0
                text5                              2458     2458       12      1EA       0
                text4                              13EC     13EC       F4      1EA       0
                text3                              23F4     23F4       26      1EA       0
                text2                              22F0     22F0       32      1EA       0
                text1                               B70      B70      174      1EA       0
                text0                              237E     237E       28      1EA       0
                cstackCOMRAM                         2B       2B       2A        1       1
                cstackBANK0                          B3       B3        E       60       1
                bssBANK0                             60       60       53       60       1
                bssCOMRAM                             1        1       2A        1       1
                cinit                              23CE     23CE       26      1EA       0

TOTAL           Name                               Link     Load   Length     Space
        CLASS   STACK          

        CLASS   CODE           
                end_init                             82       82        4         0
                intcode                               8        8       7A         0
                reset_vec                             0        0        4         0
                text49                             1AF8     1AF8       CE         0
                text48                             24B4     24B4        2         0
                text47                             16BC     16BC       E0         0
                text46                             1A2A     1A2A       CE         0
                text45                              F70      F70      130         0
                text44                             2126     2126       60         0
                text43                             1E8C     1E8C       94         0
                text42                             224A     224A       3C         0
                text41                             1C86     1C86       BA         0
                text40                             20C6     20C6       60         0
                text39                             247C     247C       12         0
                text38                             243C     243C       1C         0
                text37                             15D0     15D0       EC         0
                text36                             249E     249E       10         0
                text35                             246A     246A       12         0
                text34                             1BC6     1BC6       C0         0
                text33                             241A     241A       22         0
                text32                             1FB2     1FB2       8C         0
                text31                              8F2      8F2      27E         0
                text30                             11CC     11CC      120         0
                text29                             1D40     1D40       B0         0
                text28                             2352     2352       2C         0
                text27                             179C     179C       DC         0
                text26                             1878     1878       DA         0
                text25                             1DF0     1DF0       9C         0
                text24                             12EC     12EC      100         0
                text23                             203E     203E       88         0
                text22                             21CC     21CC       40         0
                text21                             1F20     1F20       92         0
                text20                             23A6     23A6       28         0
                text19                             2186     2186       46         0
                text18                             2322     2322       30         0
                text17                             2286     2286       36         0
                text16                              CE4      CE4      156         0
                text15                              E3A      E3A      136         0
                text13                             24AE     24AE        6         0
                text12                             220C     220C       3E         0
                text11                             10A0     10A0      12C         0
                text10                             14E0     14E0       F0         0
                text9                              1952     1952       D8         0
                text8                              22BC     22BC       34         0
                text7                               3D4      3D4      51E         0
                text6                              248E     248E       10         0
                text5                              2458     2458       12         0
                text4                              13EC     13EC       F4         0
                text3                              23F4     23F4       26         0
                text2                              22F0     22F0       32         0
                text1                               B70      B70      174         0
                text0                              237E     237E       28         0
                cinit                              23CE     23CE       26         0

        CLASS   CONST          

        CLASS   SMALLCONST     
                smallconst                          300      300       D4         0

        CLASS   MEDIUMCONST    

        CLASS   COMRAM         
                temp                                 55       55        1         1
                cstackCOMRAM                         2B       2B       2A         1
                bssCOMRAM                             1        1       2A         1

        CLASS   ABS1           
                abs_s1                              200      200       30         1
                abs_s1                              240      240       10         1

        CLASS   BIGRAM         

        CLASS   RAM            

        CLASS   BANK0          
                cstackBANK0                          B3       B3        E         1
                bssBANK0                             60       60       53         1

        CLASS   BANK1          

        CLASS   BANK2          

        CLASS   SFR            

        CLASS   FARRAM         

        CLASS   CONFIG         
                config                           300000   300000        E         0

        CLASS   IDLOC          
                idloc                            200000   200000        8         0

        CLASS   EEDATA         
                eeprom_data                      F00000   F00000       30         0



SEGMENTS        Name                           Load    Length   Top    Selector   Space  Class

                reset_vec                      000000  000004  000004         0       0  CODE    
                bssCOMRAM                      000001  000055  000056         1       1  COMRAM  
                intcode                        000008  00007E  000086         4       0  CODE    
                bssBANK0                       000060  000061  0000C1        60       1  BANK0   
                smallconst                     000300  0000D4  0003D4       180       0  SMALLCON
                text7                          0003D4  0020E2  0024B6       1EA       0  CODE    
                idloc                          200000  000008  200008    200000       0  IDLOC   
                config                         300000  00000E  30000E    300000       0  CONFIG  
                eeprom_data                    F00000  000030  F00030    F00000       0  EEDATA  


UNUSED ADDRESS RANGES

        Name                Unused          Largest block    Delta
        BANK0            0000C1-0000FF               3F
        BANK1            000100-0001FF              100
        BANK2            000230-00023F               10
                         000250-0002FF               B0
        BIGRAM           000056-00005F                A
                         0000C1-0001FF              13F
                         000230-00023F               10
                         000250-0002FF               B0
        CODE             000004-000007                4
                         000086-0002FF              27A
                         0024B6-003FFF             1B4A
        COMRAM           000056-00005F                A
        CONST            000004-000007                4
                         000086-0002FF              27A
                         0024B6-003FFF             1B4A
        EEDATA           F00030-F000FF               D0
        MEDIUMCONST      0024B6-003FFF             1B4A
        RAM              0000C1-0001FF              100
                         000230-00023F               10
                         000250-0002FF               B0
        SFR              000F53-000FFF                D
        SMALLCONST       0024B6-003FFF              100
        STACK            0000C1-0001FF              13F

                                  Symbol Table

?_USBTransferOnePacket                      cstackBANK0  0000B3
?i2_USBTransferOnePacket                    cstackCOMRAM 00002B
APP_KeyboardProcessOutputReport@keyNumber   cstackBANK0  0000B9
APP_KeyboardTasks@TimeDeltaMilliseconds     cstackBANK0  0000BE
APP_KeyboardTasks@i                         cstackBANK0  0000C0
APP_KeyboardTasks@needToSendNewReportPacket cstackBANK0  0000BD
BUTTON_IsPressed@button                     cstackBANK0  0000B3
Read_b_eep@badd                             cstackBANK0  0000B3
SYSTEM_Initialize@state                     cstackBANK0  0000B8
SetKeyboardData@i                           cstackBANK0  0000B7
USBConfigureEndpoint@EPNum                  cstackCOMRAM 000030
USBConfigureEndpoint@direction              cstackCOMRAM 00002B
USBConfigureEndpoint@handle                 cstackCOMRAM 000031
USBCtrlTrfInHandler@lastDTS                 cstackCOMRAM 00002C
USBCtrlTrfRxService@byteToRead              cstackCOMRAM 00002C
USBCtrlTrfRxService@i                       cstackCOMRAM 00002B
USBCtrlTrfTxService@byteToSend              cstackCOMRAM 00002B
USBDeviceInit@i                             cstackBANK0  0000BB
USBDeviceTasks@i                            cstackCOMRAM 000046
USBEnableEndpoint@ep                        cstackCOMRAM 000036
USBEnableEndpoint@options                   cstackCOMRAM 000033
USBEnableEndpoint@p                         cstackCOMRAM 000034
USBHIDCBSetIdleRateHandler@newIdleRate      cstackCOMRAM 00002B
USBHIDCBSetIdleRateHandler@reportID         cstackCOMRAM 00002C
USBStdFeatureReqHandler@current_ep_data     cstackCOMRAM 000042
USBStdFeatureReqHandler@p                   cstackCOMRAM 000043
USBStdFeatureReqHandler@pUEP                cstackCOMRAM 000040
USBStdGetStatusHandler@p                    cstackCOMRAM 00002C
USBStdSetCfgHandler@i                       cstackCOMRAM 00003F
USBTransferOnePacket@data                   cstackBANK0  0000B4
USBTransferOnePacket@dir                    cstackBANK0  0000B3
USBTransferOnePacket@ep                     cstackBANK0  0000B7
USBTransferOnePacket@handle                 cstackBANK0  0000B8
USBTransferOnePacket@len                    cstackBANK0  0000B6
USER_USB_CALLBACK_EVENT_HANDLER@event       cstackCOMRAM 000037
USER_USB_CALLBACK_EVENT_HANDLER@pdata       cstackCOMRAM 000039
USER_USB_CALLBACK_EVENT_HANDLER@size        cstackCOMRAM 00003B
Write_b_eep@GIE_BIT_VAL                     cstackBANK0  0000B6
Write_b_eep@badd                            cstackBANK0  0000B3
Write_b_eep@bdat                            cstackBANK0  0000B5
_ANSEL                                      (abs)        000F7E
_ANSELH                                     (abs)        000F7F
_APP_KeyboardInit                           text40       0020C6
_APP_KeyboardProcessOutputReport            text11       0010A0
_APP_KeyboardTasks                          text7        0003D4
_BDT                                        (abs)        000200
_BUTTON_Enable                              text6        00248E
_BUTTON_IsPressed                           text10       0014E0
_BothEP0OutUOWNsSet                         bssBANK0     0000A8
_Busy_eep                                   text13       0024AE
_CtrlTrfData                                (abs)        000228
_EEADR                                      (abs)        000FA9
_EECON1bits                                 (abs)        000FA6
_EECON2                                     (abs)        000FA7
_EEDATA                                     (abs)        000FA8
_INTCONbits                                 (abs)        000FF2
_IPR2bits                                   (abs)        000FA2
_LocalSOFCount                              bssBANK0     0000A0
_OldSOFCount                                bssBANK0     0000A2
_PIE2bits                                   (abs)        000FA0
_PIR2bits                                   (abs)        000FA1
_PORTAbits                                  (abs)        000F80
_PORTBbits                                  (abs)        000F81
_PORTCbits                                  (abs)        000F82
_RCONbits                                   (abs)        000FD0
_Read_b_eep                                 text5        002458
_RemoteWakeup                               bssBANK0     0000A9
_SOFCounter                                 bssCOMRAM    000019
_SYSTEM_Initialize                          text3        0023F4
_SYS_InterruptHigh                          intcode      000008
_SetKeyboardData                            text4        0013EC
_SetupPkt                                   (abs)        000220
_TRISB                                      (abs)        000F93
_TRISC                                      (abs)        000F94
_UADDR                                      (abs)        000F5C
_UCFG                                       (abs)        000F61
_UCON                                       (abs)        000F64
_UCONbits                                   (abs)        000F64
_UEIE                                       (abs)        000F5B
_UEIR                                       (abs)        000F5F
_UEP0                                       (abs)        000F53
_UEP0bits                                   (abs)        000F53
_UEP1                                       (abs)        000F54
_UIE                                        (abs)        000F60
_UIEbits                                    (abs)        000F60
_UIR                                        (abs)        000F62
_UIRbits                                    (abs)        000F62
_USB1msTickCount                            bssBANK0     000098
_USBActiveConfiguration                     bssCOMRAM    000028
_USBAlternateInterface                      bssCOMRAM    000029
_USBBusIsSuspended                          bssBANK0     0000AA
_USBCheckHIDRequest                         text37       0015D0
_USBCheckStdRequest                         text26       001878
_USBConfigureEndpoint                       text43       001E8C
_USBCtrlEPAllowDataStage                    text25       001DF0
_USBCtrlEPAllowStatusStage                  text46       001A2A
_USBCtrlEPService                           text21       001F20
_USBCtrlEPServiceComplete                   text24       0012EC
_USBCtrlTrfInHandler                        text47       0016BC
_USBCtrlTrfOutHandler                       text44       002126
_USBCtrlTrfRxService                        text45       000F70
_USBCtrlTrfSetupHandler                     text23       00203E
_USBCtrlTrfTxService                        text49       001AF8
_USBDeferINDataStagePackets                 bssBANK0     0000AB
_USBDeferOUTDataStagePackets                bssBANK0     0000AC
_USBDeferStatusStagePacket                  bssCOMRAM    000023
_USBDeviceAttach                            text2        0022F0
_USBDeviceInit                              text1        000B70
_USBDeviceState                             bssCOMRAM    000024
_USBDeviceTasks                             text15       000E3A
_USBEnableEndpoint                          text42       00224A
_USBHIDCBSetIdleRateHandler                 text39       00247C
_USBHIDCBSetReportComplete                  text48       0024B4
_USBHIDCBSetReportHandler                   text38       00243C
_USBIncrement1msInternalTimers              text20       0023A6
_USBStallHandler                            text19       002186
_USBStatusStageEnabledFlag1                 bssBANK0     0000AD
_USBStatusStageEnabledFlag2                 bssBANK0     0000AE
_USBStatusStageTimeoutCounter               bssBANK0     0000AF
_USBStdFeatureReqHandler                    text31       0008F2
_USBStdGetDscHandler                        text30       0011CC
_USBStdGetStatusHandler                     text29       001D40
_USBStdSetCfgHandler                        text27       00179C
_USBSuspend                                 text18       002322
_USBTicksSinceSuspendEnd                    bssBANK0     0000B0
_USBTransferOnePacket                       text9        001952
_USBWakeFromSuspend                         text17       002286
_USB_CD_Ptr                                 smallconst   000307
_USB_SD_Ptr                                 smallconst   000301
_USER_USB_CALLBACK_EVENT_HANDLER            text32       001FB2
_USTAT                                      (abs)        000F63
_USTATcopy                                  bssCOMRAM    00002A
_Write_b_eep                                text12       00220C
__CFG_BBSIZ$OFF                             (abs)        000000
__CFG_BOREN$OFF                             (abs)        000000
__CFG_BORV$30                               (abs)        000000
__CFG_CP0$OFF                               (abs)        000000
__CFG_CP1$OFF                               (abs)        000000
__CFG_CPB$OFF                               (abs)        000000
__CFG_CPD$OFF                               (abs)        000000
__CFG_CPUDIV$NOCLKDIV                       (abs)        000000
__CFG_EBTR0$OFF                             (abs)        000000
__CFG_EBTR1$OFF                             (abs)        000000
__CFG_EBTRB$OFF                             (abs)        000000
__CFG_FCMEN$OFF                             (abs)        000000
__CFG_FOSC$HS                               (abs)        000000
__CFG_HFOFST$OFF                            (abs)        000000
__CFG_IESO$OFF                              (abs)        000000
__CFG_LVP$OFF                               (abs)        000000
__CFG_MCLRE$OFF                             (abs)        000000
__CFG_PLLEN$ON                              (abs)        000000
__CFG_PWRTEN$OFF                            (abs)        000000
__CFG_STVREN$ON                             (abs)        000000
__CFG_USBDIV$OFF                            (abs)        000000
__CFG_WDTEN$OFF                             (abs)        000000
__CFG_WDTPS$32768                           (abs)        000000
__CFG_WRT0$OFF                              (abs)        000000
__CFG_WRT1$OFF                              (abs)        000000
__CFG_WRTB$OFF                              (abs)        000000
__CFG_WRTC$OFF                              (abs)        000000
__CFG_WRTD$OFF                              (abs)        000000
__CFG_XINST$OFF                             (abs)        000000
__HRAM                                      (abs)        000000
__Habs1                                     abs1         000000
__Hbank0                                    bank0        000000
__Hbank1                                    bank1        000000
__Hbank2                                    bank2        000000
__Hbigbss                                   bigbss       000000
__Hbigdata                                  bigdata      000000
__Hbigram                                   bigram       000000
__Hbss                                      bss          000000
__HbssBANK0                                 bssBANK0     000000
__HbssCOMRAM                                bssCOMRAM    000000
__Hcinit                                    cinit        000000
__Hclrtext                                  clrtext      000000
__Hcomram                                   comram       000000
__Hconfig                                   config       30000E
__Hconst                                    const        000000
__HcstackBANK0                              cstackBANK0  000000
__HcstackCOMRAM                             cstackCOMRAM 000000
__Hdata                                     data         000000
__Heeprom_data                              eeprom_data  F00030
__Hend_init                                 end_init     000086
__Hfarbss                                   farbss       000000
__Hfardata                                  fardata      000000
__Hibigdata                                 ibigdata     000000
__Hidata                                    idata        000000
__Hidloc                                    idloc        200008
__Hifardata                                 ifardata     000000
__Hinit                                     init         000082
__Hintcode                                  intcode      000082
__Hintcode_body                             intcode_body 000000
__Hintcodelo                                intcodelo    000082
__Hintentry                                 intentry     000000
__Hintret                                   intret       000000
__Hintsave_regs                             intsave_regs 000000
__Hirdata                                   irdata       000000
__Hmediumconst                              mediumconst  000000
__HnvFARRAM                                 nvFARRAM     000000
__Hnvbit                                    nvbit        000000
__Hnvrram                                   nvrram       000000
__Hparam                                    rparam       000000
__Hpowerup                                  powerup      000082
__Hram                                      ram          000000
__Hramtop                                   ramtop       000300
__Hrbit                                     rbit         000000
__Hrbss                                     rbss         000000
__Hrdata                                    rdata        000000
__Hreset_vec                                reset_vec    000004
__Hrparam                                   rparam       000000
__Hsfr                                      sfr          000000
__Hsmallconst                               smallconst   0003D4
__Hspace_0                                  (abs)        F00030
__Hspace_1                                  (abs)        0000C1
__Hspace_2                                  (abs)        000000
__Hstack                                    stack        000000
__Hstruct                                   struct       000000
__Htemp                                     temp         000056
__Htext                                     text         000000
__Htext0                                    text0        000000
__Htext1                                    text1        000000
__Htext10                                   text10       000000
__Htext11                                   text11       000000
__Htext12                                   text12       000000
__Htext13                                   text13       000000
__Htext15                                   text15       000000
__Htext16                                   text16       000000
__Htext17                                   text17       000000
__Htext18                                   text18       000000
__Htext19                                   text19       000000
__Htext2                                    text2        000000
__Htext20                                   text20       000000
__Htext21                                   text21       000000
__Htext22                                   text22       000000
__Htext23                                   text23       000000
__Htext24                                   text24       000000
__Htext25                                   text25       000000
__Htext26                                   text26       000000
__Htext27                                   text27       000000
__Htext28                                   text28       000000
__Htext29                                   text29       000000
__Htext3                                    text3        000000
__Htext30                                   text30       000000
__Htext31                                   text31       000000
__Htext32                                   text32       000000
__Htext33                                   text33       000000
__Htext34                                   text34       000000
__Htext35                                   text35       000000
__Htext36                                   text36       000000
__Htext37                                   text37       000000
__Htext38                                   text38       000000
__Htext39                                   text39       000000
__Htext4                                    text4        000000
__Htext40                                   text40       000000
__Htext41                                   text41       000000
__Htext42                                   text42       000000
__Htext43                                   text43       000000
__Htext44                                   text44       000000
__Htext45                                   text45       000000
__Htext46                                   text46       000000
__Htext47                                   text47       000000
__Htext48                                   text48       000000
__Htext49                                   text49       000000
__Htext5                                    text5        000000
__Htext50                                   text50       000000
__Htext6                                    text6        000000
__Htext7                                    text7        000000
__Htext8                                    text8        000000
__Htext9                                    text9        000000
__LRAM                                      (abs)        000001
__Labs1                                     abs1         000000
__Lbank0                                    bank0        000000
__Lbank1                                    bank1        000000
__Lbank2                                    bank2        000000
__Lbigbss                                   bigbss       000000
__Lbigdata                                  bigdata      000000
__Lbigram                                   bigram       000000
__Lbss                                      bss          000000
__LbssBANK0                                 bssBANK0     000000
__LbssCOMRAM                                bssCOMRAM    000000
__Lcinit                                    cinit        000000
__Lclrtext                                  clrtext      000000
__Lcomram                                   comram       000000
__Lconfig                                   config       300000
__Lconst                                    const        000000
__LcstackBANK0                              cstackBANK0  000000
__LcstackCOMRAM                             cstackCOMRAM 000000
__Ldata                                     data         000000
__Leeprom_data                              eeprom_data  F00000
__Lend_init                                 end_init     000082
__Lfarbss                                   farbss       000000
__Lfardata                                  fardata      000000
__Libigdata                                 ibigdata     000000
__Lidata                                    idata        000000
__Lidloc                                    idloc        200000
__Lifardata                                 ifardata     000000
__Linit                                     init         000082
__Lintcode                                  intcode      000008
__Lintcode_body                             intcode_body 000000
__Lintcodelo                                intcodelo    000082
__Lintentry                                 intentry     000000
__Lintret                                   intret       000000
__Lintsave_regs                             intsave_regs 000000
__Lirdata                                   irdata       000000
__Lmediumconst                              mediumconst  000000
__LnvFARRAM                                 nvFARRAM     000000
__Lnvbit                                    nvbit        000000
__Lnvrram                                   nvrram       000000
__Lparam                                    rparam       000000
__Lpowerup                                  powerup      000082
__Lram                                      ram          000000
__Lramtop                                   ramtop       000300
__Lrbit                                     rbit         000000
__Lrbss                                     rbss         000000
__Lrdata                                    rdata        000000
__Lreset_vec                                reset_vec    000000
__Lrparam                                   rparam       000000
__Lsfr                                      sfr          000000
__Lsmallconst                               smallconst   000300
__Lspace_0                                  (abs)        000000
__Lspace_1                                  (abs)        000000
__Lspace_2                                  (abs)        000000
__Lstack                                    stack        000000
__Lstruct                                   struct       000000
__Ltemp                                     temp         000055
__Ltext                                     text         000000
__Ltext0                                    text0        000000
__Ltext1                                    text1        000000
__Ltext10                                   text10       000000
__Ltext11                                   text11       000000
__Ltext12                                   text12       000000
__Ltext13                                   text13       000000
__Ltext15                                   text15       000000
__Ltext16                                   text16       000000
__Ltext17                                   text17       000000
__Ltext18                                   text18       000000
__Ltext19                                   text19       000000
__Ltext2                                    text2        000000
__Ltext20                                   text20       000000
__Ltext21                                   text21       000000
__Ltext22                                   text22       000000
__Ltext23                                   text23       000000
__Ltext24                                   text24       000000
__Ltext25                                   text25       000000
__Ltext26                                   text26       000000
__Ltext27                                   text27       000000
__Ltext28                                   text28       000000
__Ltext29                                   text29       000000
__Ltext3                                    text3        000000
__Ltext30                                   text30       000000
__Ltext31                                   text31       000000
__Ltext32                                   text32       000000
__Ltext33                                   text33       000000
__Ltext34                                   text34       000000
__Ltext35                                   text35       000000
__Ltext36                                   text36       000000
__Ltext37                                   text37       000000
__Ltext38                                   text38       000000
__Ltext39                                   text39       000000
__Ltext4                                    text4        000000
__Ltext40                                   text40       000000
__Ltext41                                   text41       000000
__Ltext42                                   text42       000000
__Ltext43                                   text43       000000
__Ltext44                                   text44       000000
__Ltext45                                   text45       000000
__Ltext46                                   text46       000000
__Ltext47                                   text47       000000
__Ltext48                                   text48       000000
__Ltext49                                   text49       000000
__Ltext5                                    text5        000000
__Ltext50                                   text50       000000
__Ltext6                                    text6        000000
__Ltext7                                    text7        000000
__Ltext8                                    text8        000000
__Ltext9                                    text9        000000
__S0                                        (abs)        F00030
__S1                                        (abs)        0000C1
__S2                                        (abs)        000000
___inthi_sp                                 stack        000000
___intlo_sp                                 stack        000000
___param_bank                               (abs)        000010
___rparam_used                              (abs)        000001
___sp                                       stack        000000
__accesstop                                 (abs)        000060
__activetblptr                              (abs)        000002
__end_of_APP_KeyboardInit                   text40       002126
__end_of_APP_KeyboardProcessOutputReport    text11       0011CC
__end_of_APP_KeyboardTasks                  text7        0008F2
__end_of_BUTTON_Enable                      text6        00249E
__end_of_BUTTON_IsPressed                   text10       0015D0
__end_of_Busy_eep                           text13       0024B4
__end_of_Read_b_eep                         text5        00246A
__end_of_SYSTEM_Initialize                  text3        00241A
__end_of_SYS_InterruptHigh                  intcode      000082
__end_of_SetKeyboardData                    text4        0014E0
__end_of_USBCheckHIDRequest                 text37       0016BC
__end_of_USBCheckStdRequest                 text26       001952
__end_of_USBConfigureEndpoint               text43       001F20
__end_of_USBCtrlEPAllowDataStage            text25       001E8C
__end_of_USBCtrlEPAllowStatusStage          text46       001AF8
__end_of_USBCtrlEPService                   text21       001FB2
__end_of_USBCtrlEPServiceComplete           text24       0013EC
__end_of_USBCtrlTrfInHandler                text47       00179C
__end_of_USBCtrlTrfOutHandler               text44       002186
__end_of_USBCtrlTrfRxService                text45       0010A0
__end_of_USBCtrlTrfSetupHandler             text23       0020C6
__end_of_USBCtrlTrfTxService                text49       001BC6
__end_of_USBDeviceAttach                    text2        002322
__end_of_USBDeviceInit                      text1        000CE4
__end_of_USBDeviceTasks                     text15       000F70
__end_of_USBEnableEndpoint                  text42       002286
__end_of_USBHIDCBSetIdleRateHandler         text39       00248E
__end_of_USBHIDCBSetReportComplete          text48       0024B6
__end_of_USBHIDCBSetReportHandler           text38       002458
__end_of_USBIncrement1msInternalTimers      text20       0023CE
__end_of_USBStallHandler                    text19       0021CC
__end_of_USBStdFeatureReqHandler            text31       000B70
__end_of_USBStdGetDscHandler                text30       0012EC
__end_of_USBStdGetStatusHandler             text29       001DF0
__end_of_USBStdSetCfgHandler                text27       001878
__end_of_USBSuspend                         text18       002352
__end_of_USBTransferOnePacket               text9        001A2A
__end_of_USBWakeFromSuspend                 text17       0022BC
__end_of_USB_CD_Ptr                         smallconst   000309
__end_of_USB_SD_Ptr                         smallconst   000307
__end_of_USER_USB_CALLBACK_EVENT_HANDLER    text32       00203E
__end_of_Write_b_eep                        text12       00224A
__end_of__initialization                    cinit        0023E6
__end_of_configDescriptor1                  smallconst   0003A5
__end_of_device_dsc                         smallconst   0003CF
__end_of_hid_rpt01                          smallconst   000348
__end_of_main                               text0        0023A6
__end_of_memcpy                             text22       00220C
__end_of_memset                             text8        0022F0
__end_of_sd000                              smallconst   0003D3
__end_of_sd001                              smallconst   00037C
__end_of_sd002                              smallconst   0003BD
__end_ofi2_BUTTON_Enable                    text36       0024AE
__end_ofi2_Read_b_eep                       text35       00247C
__end_ofi2_SYSTEM_Initialize                text33       00243C
__end_ofi2_SetKeyboardData                  text34       001C86
__end_ofi2_USBDeviceInit                    text16       000E3A
__end_ofi2_USBTransferOnePacket             text41       001D40
__end_ofi2_memset                           text28       00237E
__initialization                            cinit        0023CE
__mediumconst                               mediumconst  000000
__pbssBANK0                                 bssBANK0     000060
__pbssCOMRAM                                bssCOMRAM    000001
__pcinit                                    cinit        0023CE
__pcstackBANK0                              cstackBANK0  0000B3
__pcstackCOMRAM                             cstackCOMRAM 00002B
__pintcode                                  intcode      000008
__psmallconst                               smallconst   000300
__ptext0                                    text0        00237E
__ptext1                                    text1        000B70
__ptext10                                   text10       0014E0
__ptext11                                   text11       0010A0
__ptext12                                   text12       00220C
__ptext13                                   text13       0024AE
__ptext15                                   text15       000E3A
__ptext16                                   text16       000CE4
__ptext17                                   text17       002286
__ptext18                                   text18       002322
__ptext19                                   text19       002186
__ptext2                                    text2        0022F0
__ptext20                                   text20       0023A6
__ptext21                                   text21       001F20
__ptext22                                   text22       0021CC
__ptext23                                   text23       00203E
__ptext24                                   text24       0012EC
__ptext25                                   text25       001DF0
__ptext26                                   text26       001878
__ptext27                                   text27       00179C
__ptext28                                   text28       002352
__ptext29                                   text29       001D40
__ptext3                                    text3        0023F4
__ptext30                                   text30       0011CC
__ptext31                                   text31       0008F2
__ptext32                                   text32       001FB2
__ptext33                                   text33       00241A
__ptext34                                   text34       001BC6
__ptext35                                   text35       00246A
__ptext36                                   text36       00249E
__ptext37                                   text37       0015D0
__ptext38                                   text38       00243C
__ptext39                                   text39       00247C
__ptext4                                    text4        0013EC
__ptext40                                   text40       0020C6
__ptext41                                   text41       001C86
__ptext42                                   text42       00224A
__ptext43                                   text43       001E8C
__ptext44                                   text44       002126
__ptext45                                   text45       000F70
__ptext46                                   text46       001A2A
__ptext47                                   text47       0016BC
__ptext48                                   text48       0024B4
__ptext49                                   text49       001AF8
__ptext5                                    text5        002458
__ptext50                                   text50       000000
__ptext6                                    text6        00248E
__ptext7                                    text7        0003D4
__ptext8                                    text8        0022BC
__ptext9                                    text9        001952
__ramtop                                    ramtop       000300
__size_of_APP_KeyboardInit                  (abs)        000000
__size_of_APP_KeyboardProcessOutputReport   (abs)        000000
__size_of_APP_KeyboardTasks                 (abs)        000000
__size_of_BUTTON_Enable                     (abs)        000000
__size_of_BUTTON_IsPressed                  (abs)        000000
__size_of_Busy_eep                          (abs)        000000
__size_of_Read_b_eep                        (abs)        000000
__size_of_SYSTEM_Initialize                 (abs)        000000
__size_of_SYS_InterruptHigh                 (abs)        000000
__size_of_SetKeyboardData                   (abs)        000000
__size_of_USBCheckHIDRequest                (abs)        000000
__size_of_USBCheckStdRequest                (abs)        000000
__size_of_USBConfigureEndpoint              (abs)        000000
__size_of_USBCtrlEPAllowDataStage           (abs)        000000
__size_of_USBCtrlEPAllowStatusStage         (abs)        000000
__size_of_USBCtrlEPService                  (abs)        000000
__size_of_USBCtrlEPServiceComplete          (abs)        000000
__size_of_USBCtrlTrfInHandler               (abs)        000000
__size_of_USBCtrlTrfOutHandler              (abs)        000000
__size_of_USBCtrlTrfRxService               (abs)        000000
__size_of_USBCtrlTrfSetupHandler            (abs)        000000
__size_of_USBCtrlTrfTxService               (abs)        000000
__size_of_USBDeviceAttach                   (abs)        000000
__size_of_USBDeviceInit                     (abs)        000000
__size_of_USBDeviceTasks                    (abs)        000000
__size_of_USBEnableEndpoint                 (abs)        000000
__size_of_USBHIDCBSetIdleRateHandler        (abs)        000000
__size_of_USBHIDCBSetReportComplete         (abs)        000000
__size_of_USBHIDCBSetReportHandler          (abs)        000000
__size_of_USBIncrement1msInternalTimers     (abs)        000000
__size_of_USBStallHandler                   (abs)        000000
__size_of_USBStdFeatureReqHandler           (abs)        000000
__size_of_USBStdGetDscHandler               (abs)        000000
__size_of_USBStdGetStatusHandler            (abs)        000000
__size_of_USBStdSetCfgHandler               (abs)        000000
__size_of_USBSuspend                        (abs)        000000
__size_of_USBTransferOnePacket              (abs)        000000
__size_of_USBWakeFromSuspend                (abs)        000000
__size_of_USER_USB_CALLBACK_EVENT_HANDLER   (abs)        000000
__size_of_Write_b_eep                       (abs)        000000
__size_of_main                              (abs)        000000
__size_of_memcpy                            (abs)        000000
__size_of_memset                            (abs)        000000
__size_ofi2_BUTTON_Enable                   (abs)        000000
__size_ofi2_Read_b_eep                      (abs)        000000
__size_ofi2_SYSTEM_Initialize               (abs)        000000
__size_ofi2_SetKeyboardData                 (abs)        000000
__size_ofi2_USBDeviceInit                   (abs)        000000
__size_ofi2_USBTransferOnePacket            (abs)        000000
__size_ofi2_memset                          (abs)        000000
__smallconst                                smallconst   000300
_active_protocol                            bssBANK0     0000B1
_configDescriptor1                          smallconst   00037C
_controlTransferState                       bssCOMRAM    000025
_device_dsc                                 smallconst   0003BD
_endpoint_number                            bssCOMRAM    000026
_ep_data_in                                 bssCOMRAM    00001B
_ep_data_out                                bssCOMRAM    00001D
_hid_rpt01                                  smallconst   000309
_idle_rate                                  bssBANK0     0000B2
_inPipes                                    bssCOMRAM    000009
_inputReport                                (abs)        000240
_keyCode                                    bssBANK0     000060
_keyModifier                                bssBANK0     00006C
_keyboard                                   bssCOMRAM    00000F
_keyboardIdleRate                           bssBANK0     0000A4
_main                                       text0        00237E
_memcpy                                     text22       0021CC
_memset                                     text8        0022BC
_oldInputReport                             bssBANK0     000090
_outPipes                                   bssCOMRAM    000001
_outputReport                               (abs)        000248
_pBDTEntryEP0OutCurrent                     bssCOMRAM    00001F
_pBDTEntryEP0OutNext                        bssCOMRAM    000021
_pBDTEntryIn                                bssCOMRAM    000015
_pBDTEntryOut                               bssBANK0     00009C
_pDst                                       bssBANK0     0000A6
_sd000                                      smallconst   0003CF
_sd001                                      smallconst   000348
_sd002                                      smallconst   0003A5
_shiftedKeyCode                             bssBANK0     000078
_shiftedKeyModifier                         bssBANK0     000084
_shortPacketStatus                          bssCOMRAM    000027
btemp                                       temp         000055
end_of_initialization                       cinit        0023E6
i2Read_b_eep@badd                           cstackCOMRAM 00002B
i2SYSTEM_Initialize@state                   cstackCOMRAM 000030
i2SetKeyboardData@i                         cstackCOMRAM 00002F
i2USBDeviceInit@i                           cstackCOMRAM 000033
i2USBTransferOnePacket@data                 cstackCOMRAM 00002C
i2USBTransferOnePacket@dir                  cstackCOMRAM 00002B
i2USBTransferOnePacket@ep                   cstackCOMRAM 00002F
i2USBTransferOnePacket@handle               cstackCOMRAM 000030
i2USBTransferOnePacket@len                  cstackCOMRAM 00002E
i2_BUTTON_Enable                            text36       00249E
i2_Read_b_eep                               text35       00246A
i2_SYSTEM_Initialize                        text33       00241A
i2_SetKeyboardData                          text34       001BC6
i2_USBDeviceInit                            text16       000CE4
i2_USBTransferOnePacket                     text41       001C86
i2_memset                                   text28       002352
i2memset@c                                  cstackCOMRAM 00002D
i2memset@n                                  cstackCOMRAM 00002F
i2memset@p                                  cstackCOMRAM 000031
i2memset@p1                                 cstackCOMRAM 00002B
int$flags                                   temp         000055
intlevel0                                   text         000000
intlevel1                                   text         000000
intlevel2                                   text         000000
intlevel3                                   text         000000
memcpy@d                                    cstackCOMRAM 000031
memcpy@d1                                   cstackCOMRAM 00002B
memcpy@n                                    cstackCOMRAM 00002F
memcpy@s                                    cstackCOMRAM 000033
memcpy@s1                                   cstackCOMRAM 00002D
memset@c                                    cstackBANK0  0000B5
memset@n                                    cstackBANK0  0000B7
memset@p                                    cstackBANK0  0000B9
memset@p1                                   cstackBANK0  0000B3
stackhi                                     (abs)        0001FF
stacklo                                     (abs)        0000C1
start                                       init         000082
start_initialization                        cinit        0023CE


FUNCTION INFORMATION:

 *************** function _main *****************
 Defined at:
		line 115 in file "main.c"
 Parameters:    Size  Location     Type
		None
 Auto vars:     Size  Location     Type
		None
 Return value:  Size  Location     Type
                  2  213[None  ] int 
 Registers used:
		wreg, fsr1l, fsr1h, fsr2l, fsr2h, status,2, status,0, prodl, prodh, cstack
 Tracked objects:
		On entry : 
		On exit  : 
		Unchanged: 
 Data sizes:     COMRAM   BANK0   BANK1 BANK2hh BANK2hl
      Params:         0       0       0       0       0
      Locals:         0       0       0       0       0
      Temps:          0       0       0       0       0
      Totals:         0       0       0       0       0
Total ram usage:        0 bytes
 Hardware stack levels required when called:   13
 This function calls:
		_APP_KeyboardTasks
		_BUTTON_IsPressed
		_SYSTEM_Initialize
		_USBDeviceAttach
		_USBDeviceInit
 This function is called by:
		Startup code after reset
 This function uses a non-reentrant model


 *************** function _USBDeviceInit *****************
 Defined at:
		line 295 in file "usb_device.c"
 Parameters:    Size  Location     Type
		None
 Auto vars:     Size  Location     Type
  i               1    8[BANK0 ] unsigned char 
 Return value:  Size  Location     Type
		None               void
 Registers used:
		wreg, fsr2l, fsr2h, status,2, status,0, prodl, prodh, cstack
 Tracked objects:
		On entry : 
		On exit  : 
		Unchanged: 
 Data sizes:     COMRAM   BANK0   BANK1 BANK2hh BANK2hl
      Params:         0       0       0       0       0
      Locals:         0       1       0       0       0
      Temps:          0       0       0       0       0
      Totals:         0       1       0       0       0
Total ram usage:        1 bytes
 Hardware stack levels used:    1
 Hardware stack levels required when called:   11
 This function calls:
		_memset
 This function is called by:
		_main
 This function uses a non-reentrant model


 *************** function _USBDeviceAttach *****************
 Defined at:
		line 1370 in file "usb_device.c"
 Parameters:    Size  Location     Type
		None
 Auto vars:     Size  Location     Type
		None
 Return value:  Size  Location     Type
		None               void
 Registers used:
		wreg, status,2
 Tracked objects:
		On entry : 
		On exit  : 
		Unchanged: 
 Data sizes:     COMRAM   BANK0   BANK1 BANK2hh BANK2hl
      Params:         0       0       0       0       0
      Locals:         0       0       0       0       0
      Temps:          0       0       0       0       0
      Totals:         0       0       0       0       0
Total ram usage:        0 bytes
 Hardware stack levels used:    1
 Hardware stack levels required when called:   10
 This function calls:
		Nothing
 This function is called by:
		_main
 This function uses a non-reentrant model


 *************** function _SYSTEM_Initialize *****************
 Defined at:
		line 83 in file "system.c"
 Parameters:    Size  Location     Type
  state           1    wreg     enum E4759
 Auto vars:     Size  Location     Type
  state           1    5[BANK0 ] enum E4759
 Return value:  Size  Location     Type
		None               void
 Registers used:
		wreg, fsr2l, fsr2h, status,2, status,0, prodl, prodh, cstack
 Tracked objects:
		On entry : 
		On exit  : 
		Unchanged: 
 Data sizes:     COMRAM   BANK0   BANK1 BANK2hh BANK2hl
      Params:         0       0       0       0       0
      Locals:         0       1       0       0       0
      Temps:          0       0       0       0       0
      Totals:         0       1       0       0       0
Total ram usage:        1 bytes
 Hardware stack levels used:    1
 Hardware stack levels required when called:   12
 This function calls:
		_BUTTON_Enable
		_SetKeyboardData
 This function is called by:
		_main
 This function uses a non-reentrant model


 *************** function _SetKeyboardData *****************
 Defined at:
		line 110 in file "system.c"
 Parameters:    Size  Location     Type
		None
 Auto vars:     Size  Location     Type
  i               1    4[BANK0 ] unsigned char 
 Return value:  Size  Location     Type
		None               void
 Registers used:
		wreg, fsr2l, fsr2h, status,2, status,0, prodl, prodh, cstack
 Tracked objects:
		On entry : 
		On exit  : 
		Unchanged: 
 Data sizes:     COMRAM   BANK0   BANK1 BANK2hh BANK2hl
      Params:         0       0       0       0       0
      Locals:         0       1       0       0       0
      Temps:          0       2       0       0       0
      Totals:         0       3       0       0       0
Total ram usage:        3 bytes
 Hardware stack levels used:    1
 Hardware stack levels required when called:   11
 This function calls:
		_Read_b_eep
 This function is called by:
		_SYSTEM_Initialize
 This function uses a non-reentrant model


 *************** function _Read_b_eep *****************
 Defined at:
		line 23 in file "/Applications/microchip/xc8/v1.35/sources/pic18/plib/EEP/read_B.c"
 Parameters:    Size  Location     Type
  badd            2    0[BANK0 ] unsigned int 
 Auto vars:     Size  Location     Type
		None
 Return value:  Size  Location     Type
                  1    wreg      unsigned char 
 Registers used:
		wreg, status,2
 Tracked objects:
		On entry : 
		On exit  : 
		Unchanged: 
 Data sizes:     COMRAM   BANK0   BANK1 BANK2hh BANK2hl
      Params:         0       2       0       0       0
      Locals:         0       0       0       0       0
      Temps:          0       0       0       0       0
      Totals:         0       2       0       0       0
Total ram usage:        2 bytes
 Hardware stack levels used:    1
 Hardware stack levels required when called:   10
 This function calls:
		Nothing
 This function is called by:
		_SetKeyboardData
 This function uses a non-reentrant model


 *************** function _BUTTON_Enable *****************
 Defined at:
		line 200 in file "buttons.c"
 Parameters:    Size  Location     Type
  button          1    wreg     enum E4513
 Auto vars:     Size  Location     Type
  button          1    0[COMRAM] enum E4513
 Return value:  Size  Location     Type
		None               void
 Registers used:
		wreg, status,2
 Tracked objects:
		On entry : 
		On exit  : 
		Unchanged: 
 Data sizes:     COMRAM   BANK0   BANK1 BANK2hh BANK2hl
      Params:         0       0       0       0       0
      Locals:         0       0       0       0       0
      Temps:          0       0       0       0       0
      Totals:         0       0       0       0       0
Total ram usage:        0 bytes
 Hardware stack levels used:    1
 Hardware stack levels required when called:   10
 This function calls:
		Nothing
 This function is called by:
		_SYSTEM_Initialize
 This function uses a non-reentrant model


 *************** function _APP_KeyboardTasks *****************
 Defined at:
		line 308 in file "app_device_keyboard.c"
 Parameters:    Size  Location     Type
		None
 Auto vars:     Size  Location     Type
  TimeDeltaMil    2   11[BANK0 ] int 
  i               1   13[BANK0 ] unsigned char 
  needToSendNe    1   10[BANK0 ] unsigned char 
 Return value:  Size  Location     Type
		None               void
 Registers used:
		wreg, fsr1l, fsr1h, fsr2l, fsr2h, status,2, status,0, prodl, prodh, cstack
 Tracked objects:
		On entry : 
		On exit  : 
		Unchanged: 
 Data sizes:     COMRAM   BANK0   BANK1 BANK2hh BANK2hl
      Params:         0       0       0       0       0
      Locals:         0       4       0       0       0
      Temps:          0       2       0       0       0
      Totals:         0       6       0       0       0
Total ram usage:        6 bytes
 Hardware stack levels used:    1
 Hardware stack levels required when called:   12
 This function calls:
		_APP_KeyboardProcessOutputReport
		_BUTTON_IsPressed
		_USBTransferOnePacket
		_memset
 This function is called by:
		_main
 This function uses a non-reentrant model


 *************** function _memset *****************
 Defined at:
		line 8 in file "/Applications/microchip/xc8/v1.35/sources/common/memset.c"
 Parameters:    Size  Location     Type
  p1              2    0[BANK0 ] PTR void 
		 -> USBAlternateInterface(1), BDT(32), UEP1(1), inputReport(8), 
  c               2    2[BANK0 ] int 
  n               2    4[BANK0 ] unsigned int 
 Auto vars:     Size  Location     Type
  p               2    6[BANK0 ] PTR unsigned char 
		 -> USBAlternateInterface(1), BDT(32), UEP1(1), inputReport(8), 
 Return value:  Size  Location     Type
                  2    0[BANK0 ] PTR void 
 Registers used:
		wreg, fsr2l, fsr2h, status,2, status,0
 Tracked objects:
		On entry : 
		On exit  : 
		Unchanged: 
 Data sizes:     COMRAM   BANK0   BANK1 BANK2hh BANK2hl
      Params:         0       6       0       0       0
      Locals:         0       2       0       0       0
      Temps:          0       0       0       0       0
      Totals:         0       8       0       0       0
Total ram usage:        8 bytes
 Hardware stack levels used:    1
 Hardware stack levels required when called:   10
 This function calls:
		Nothing
 This function is called by:
		_APP_KeyboardTasks
		_USBDeviceInit
 This function uses a non-reentrant model


 *************** function _USBTransferOnePacket *****************
 Defined at:
		line 1013 in file "usb_device.c"
 Parameters:    Size  Location     Type
  ep              1    wreg     unsigned char 
  dir             1    0[BANK0 ] unsigned char 
  data            2    1[BANK0 ] PTR unsigned char 
		 -> inputReport(8), outputReport(8), 
  len             1    3[BANK0 ] unsigned char 
 Auto vars:     Size  Location     Type
  ep              1    4[BANK0 ] unsigned char 
  handle          2    5[BANK0 ] PTR volatile struct __BD
		 -> BDT(32), NULL(0), 
 Return value:  Size  Location     Type
                  2    0[BANK0 ] PTR void 
 Registers used:
		wreg, fsr2l, fsr2h, status,2, status,0, prodl, prodh
 Tracked objects:
		On entry : 
		On exit  : 
		Unchanged: 
 Data sizes:     COMRAM   BANK0   BANK1 BANK2hh BANK2hl
      Params:         0       4       0       0       0
      Locals:         0       3       0       0       0
      Temps:          0       0       0       0       0
      Totals:         0       7       0       0       0
Total ram usage:        7 bytes
 Hardware stack levels used:    1
 Hardware stack levels required when called:   10
 This function calls:
		Nothing
 This function is called by:
		_APP_KeyboardTasks
 This function uses a non-reentrant model


 *************** function _BUTTON_IsPressed *****************
 Defined at:
		line 112 in file "buttons.c"
 Parameters:    Size  Location     Type
  button          1    wreg     enum E4513
 Auto vars:     Size  Location     Type
  button          1    0[BANK0 ] enum E4513
 Return value:  Size  Location     Type
                  1    wreg      unsigned char 
 Registers used:
		wreg, status,2, status,0
 Tracked objects:
		On entry : 
		On exit  : 
		Unchanged: 
 Data sizes:     COMRAM   BANK0   BANK1 BANK2hh BANK2hl
      Params:         0       0       0       0       0
      Locals:         0       1       0       0       0
      Temps:          0       0       0       0       0
      Totals:         0       1       0       0       0
Total ram usage:        1 bytes
 Hardware stack levels used:    1
 Hardware stack levels required when called:   10
 This function calls:
		Nothing
 This function is called by:
		_APP_KeyboardTasks
		_main
 This function uses a non-reentrant model


 *************** function _APP_KeyboardProcessOutputReport *****************
 Defined at:
		line 614 in file "app_device_keyboard.c"
 Parameters:    Size  Location     Type
		None
 Auto vars:     Size  Location     Type
  keyNumber       1    6[BANK0 ] unsigned char 
 Return value:  Size  Location     Type
		None               void
 Registers used:
		wreg, fsr2l, fsr2h, status,2, status,0, prodl, prodh, cstack
 Tracked objects:
		On entry : 
		On exit  : 
		Unchanged: 
 Data sizes:     COMRAM   BANK0   BANK1 BANK2hh BANK2hl
      Params:         0       0       0       0       0
      Locals:         0       1       0       0       0
      Temps:          0       2       0       0       0
      Totals:         0       3       0       0       0
Total ram usage:        3 bytes
 Hardware stack levels used:    1
 Hardware stack levels required when called:   11
 This function calls:
		_Busy_eep
		_Write_b_eep
 This function is called by:
		_APP_KeyboardTasks
 This function uses a non-reentrant model


 *************** function _Write_b_eep *****************
 Defined at:
		line 30 in file "/Applications/microchip/xc8/v1.35/sources/pic18/plib/EEP/write_B.c"
 Parameters:    Size  Location     Type
  badd            2    0[BANK0 ] unsigned int 
  bdat            1    2[BANK0 ] unsigned char 
 Auto vars:     Size  Location     Type
  GIE_BIT_VAL     1    3[BANK0 ] unsigned char 
 Return value:  Size  Location     Type
		None               void
 Registers used:
		wreg, status,2
 Tracked objects:
		On entry : 
		On exit  : 
		Unchanged: 
 Data sizes:     COMRAM   BANK0   BANK1 BANK2hh BANK2hl
      Params:         0       3       0       0       0
      Locals:         0       1       0       0       0
      Temps:          0       0       0       0       0
      Totals:         0       4       0       0       0
Total ram usage:        4 bytes
 Hardware stack levels used:    1
 Hardware stack levels required when called:   10
 This function calls:
		Nothing
 This function is called by:
		_APP_KeyboardProcessOutputReport
 This function uses a non-reentrant model


 *************** function _Busy_eep *****************
 Defined at:
		line 12 in file "/Applications/microchip/xc8/v1.35/sources/pic18/plib/EEP/busy_eep.c"
 Parameters:    Size  Location     Type
		None
 Auto vars:     Size  Location     Type
		None
 Return value:  Size  Location     Type
		None               void
 Registers used:
		None
 Tracked objects:
		On entry : 
		On exit  : 
		Unchanged: 
 Data sizes:     COMRAM   BANK0   BANK1 BANK2hh BANK2hl
      Params:         0       0       0       0       0
      Locals:         0       0       0       0       0
      Temps:          0       0       0       0       0
      Totals:         0       0       0       0       0
Total ram usage:        0 bytes
 Hardware stack levels used:    1
 Hardware stack levels required when called:   10
 This function calls:
		Nothing
 This function is called by:
		_APP_KeyboardProcessOutputReport
 This function uses a non-reentrant model


 *************** function _SYS_InterruptHigh *****************
 Defined at:
		line 129 in file "system.c"
 Parameters:    Size  Location     Type
		None
 Auto vars:     Size  Location     Type
		None
 Return value:  Size  Location     Type
		None               void
 Registers used:
		wreg, fsr1l, fsr1h, fsr2l, fsr2h, status,2, status,0, pclat, tosl, tblptrl, tblptrh, tblptru, prodl, prodh, cstack
 Tracked objects:
		On entry : 
		On exit  : 
		Unchanged: 
 Data sizes:     COMRAM   BANK0   BANK1 BANK2hh BANK2hl
      Params:         0       0       0       0       0
      Locals:         0       0       0       0       0
      Temps:         14       0       0       0       0
      Totals:        14       0       0       0       0
Total ram usage:       14 bytes
 Hardware stack levels used:    1
 Hardware stack levels required when called:    9
 This function calls:
		_USBDeviceTasks
 This function is called by:
		Interrupt level 2
 This function uses a non-reentrant model


 *************** function _USBDeviceTasks *****************
 Defined at:
		line 495 in file "usb_device.c"
 Parameters:    Size  Location     Type
		None
 Auto vars:     Size  Location     Type
  i               1   27[COMRAM] unsigned char 
 Return value:  Size  Location     Type
		None               void
 Registers used:
		wreg, fsr1l, fsr1h, fsr2l, fsr2h, status,2, status,0, pclat, tosl, tblptrl, tblptrh, tblptru, prodl, prodh, cstack
 Tracked objects:
		On entry : 
		On exit  : 
		Unchanged: 
 Data sizes:     COMRAM   BANK0   BANK1 BANK2hh BANK2hl
      Params:         0       0       0       0       0
      Locals:         1       0       0       0       0
      Temps:          0       0       0       0       0
      Totals:         1       0       0       0       0
Total ram usage:        1 bytes
 Hardware stack levels used:    1
 Hardware stack levels required when called:    8
 This function calls:
		_USBCtrlEPAllowStatusStage
		_USBCtrlEPService
		_USBIncrement1msInternalTimers
		_USBStallHandler
		_USBSuspend
		_USBWakeFromSuspend
		_USER_USB_CALLBACK_EVENT_HANDLER
		i2_USBDeviceInit
 This function is called by:
		_SYS_InterruptHigh
 This function uses a non-reentrant model


 *************** function i2_USBDeviceInit *****************
 Defined at:
		line 295 in file "usb_device.c"
 Parameters:    Size  Location     Type
		None
 Auto vars:     Size  Location     Type
  USBDeviceIni    1    8[COMRAM] unsigned char 
 Return value:  Size  Location     Type
		None               void
 Registers used:
		wreg, fsr2l, fsr2h, status,2, status,0, prodl, prodh, cstack
 Tracked objects:
		On entry : 
		On exit  : 
		Unchanged: 
 Data sizes:     COMRAM   BANK0   BANK1 BANK2hh BANK2hl
      Params:         0       0       0       0       0
      Locals:         1       0       0       0       0
      Temps:          0       0       0       0       0
      Totals:         1       0       0       0       0
Total ram usage:        1 bytes
 Hardware stack levels used:    1
 Hardware stack levels required when called:    1
 This function calls:
		i2_memset
 This function is called by:
		_USBDeviceTasks
 This function uses a non-reentrant model


 *************** function _USBWakeFromSuspend *****************
 Defined at:
		line 2321 in file "usb_device.c"
 Parameters:    Size  Location     Type
		None
 Auto vars:     Size  Location     Type
		None
 Return value:  Size  Location     Type
		None               void
 Registers used:
		wreg, fsr2l, fsr2h, status,2, status,0, prodl, prodh, cstack
 Tracked objects:
		On entry : 
		On exit  : 
		Unchanged: 
 Data sizes:     COMRAM   BANK0   BANK1 BANK2hh BANK2hl
      Params:         0       0       0       0       0
      Locals:         0       0       0       0       0
      Temps:          0       0       0       0       0
      Totals:         0       0       0       0       0
Total ram usage:        0 bytes
 Hardware stack levels used:    1
 Hardware stack levels required when called:    4
 This function calls:
		_USER_USB_CALLBACK_EVENT_HANDLER
 This function is called by:
		_USBDeviceTasks
 This function uses a non-reentrant model


 *************** function _USBSuspend *****************
 Defined at:
		line 2263 in file "usb_device.c"
 Parameters:    Size  Location     Type
		None
 Auto vars:     Size  Location     Type
		None
 Return value:  Size  Location     Type
		None               void
 Registers used:
		wreg, fsr2l, fsr2h, status,2, status,0, prodl, prodh, cstack
 Tracked objects:
		On entry : 
		On exit  : 
		Unchanged: 
 Data sizes:     COMRAM   BANK0   BANK1 BANK2hh BANK2hl
      Params:         0       0       0       0       0
      Locals:         0       0       0       0       0
      Temps:          0       0       0       0       0
      Totals:         0       0       0       0       0
Total ram usage:        0 bytes
 Hardware stack levels used:    1
 Hardware stack levels required when called:    4
 This function calls:
		_USER_USB_CALLBACK_EVENT_HANDLER
 This function is called by:
		_USBDeviceTasks
 This function uses a non-reentrant model


 *************** function _USBStallHandler *****************
 Defined at:
		line 2220 in file "usb_device.c"
 Parameters:    Size  Location     Type
		None
 Auto vars:     Size  Location     Type
		None
 Return value:  Size  Location     Type
		None               void
 Registers used:
		wreg, fsr2l, fsr2h, status,2, status,0
 Tracked objects:
		On entry : 
		On exit  : 
		Unchanged: 
 Data sizes:     COMRAM   BANK0   BANK1 BANK2hh BANK2hl
      Params:         0       0       0       0       0
      Locals:         0       0       0       0       0
      Temps:          1       0       0       0       0
      Totals:         1       0       0       0       0
Total ram usage:        1 bytes
 Hardware stack levels used:    1
 This function calls:
		Nothing
 This function is called by:
		_USBDeviceTasks
 This function uses a non-reentrant model


 *************** function _USBIncrement1msInternalTimers *****************
 Defined at:
		line 3042 in file "usb_device.c"
 Parameters:    Size  Location     Type
		None
 Auto vars:     Size  Location     Type
		None
 Return value:  Size  Location     Type
		None               void
 Registers used:
		wreg, status,2, status,0
 Tracked objects:
		On entry : 
		On exit  : 
		Unchanged: 
 Data sizes:     COMRAM   BANK0   BANK1 BANK2hh BANK2hl
      Params:         0       0       0       0       0
      Locals:         0       0       0       0       0
      Temps:          0       0       0       0       0
      Totals:         0       0       0       0       0
Total ram usage:        0 bytes
 Hardware stack levels used:    1
 This function calls:
		Nothing
 This function is called by:
		_USBDeviceTasks
 This function uses a non-reentrant model


 *************** function _USBCtrlEPService *****************
 Defined at:
		line 2390 in file "usb_device.c"
 Parameters:    Size  Location     Type
		None
 Auto vars:     Size  Location     Type
		None
 Return value:  Size  Location     Type
		None               void
 Registers used:
		wreg, fsr1l, fsr1h, fsr2l, fsr2h, status,2, status,0, pclat, tosl, tblptrl, tblptrh, tblptru, prodl, prodh, cstack
 Tracked objects:
		On entry : 
		On exit  : 
		Unchanged: 
 Data sizes:     COMRAM   BANK0   BANK1 BANK2hh BANK2hl
      Params:         0       0       0       0       0
      Locals:         0       0       0       0       0
      Temps:          1       0       0       0       0
      Totals:         1       0       0       0       0
Total ram usage:        1 bytes
 Hardware stack levels used:    1
 Hardware stack levels required when called:    7
 This function calls:
		_USBCtrlTrfInHandler
		_USBCtrlTrfOutHandler
		_USBCtrlTrfSetupHandler
		_memcpy
 This function is called by:
		_USBDeviceTasks
 This function uses a non-reentrant model


 *************** function _memcpy *****************
 Defined at:
		line 11 in file "/Applications/microchip/xc8/v1.35/sources/common/memcpy.c"
 Parameters:    Size  Location     Type
  d1              2    0[COMRAM] PTR void 
		 -> SetupPkt(8), 
  s1              2    2[COMRAM] PTR const void 
		 -> RAM(767), SetupPkt(8), CtrlTrfData(8), inputReport(8), 
		 -> outputReport(8), 
  n               2    4[COMRAM] unsigned int 
 Auto vars:     Size  Location     Type
  s               2    8[COMRAM] PTR const unsigned char 
		 -> RAM(767), SetupPkt(8), CtrlTrfData(8), inputReport(8), 
		 -> outputReport(8), 
  d               2    6[COMRAM] PTR unsigned char 
		 -> SetupPkt(8), 
 Return value:  Size  Location     Type
                  2    0[COMRAM] PTR void 
 Registers used:
		wreg, fsr1l, fsr1h, fsr2l, fsr2h, status,2, status,0
 Tracked objects:
		On entry : 
		On exit  : 
		Unchanged: 
 Data sizes:     COMRAM   BANK0   BANK1 BANK2hh BANK2hl
      Params:         6       0       0       0       0
      Locals:         4       0       0       0       0
      Temps:          0       0       0       0       0
      Totals:        10       0       0       0       0
Total ram usage:       10 bytes
 Hardware stack levels used:    1
 This function calls:
		Nothing
 This function is called by:
		_USBCtrlEPService
 This function uses a non-reentrant model


 *************** function _USBCtrlTrfSetupHandler *****************
 Defined at:
		line 2483 in file "usb_device.c"
 Parameters:    Size  Location     Type
		None
 Auto vars:     Size  Location     Type
		None
 Return value:  Size  Location     Type
		None               void
 Registers used:
		wreg, fsr1l, fsr1h, fsr2l, fsr2h, status,2, status,0, tblptrl, tblptrh, tblptru, prodl, prodh, cstack
[...]
		None               void
 Registers used:
		wreg, fsr2l, fsr2h, status,2, status,0, prodl, prodh, cstack
 Tracked objects:
		On entry : 
		On exit  : 
		Unchanged: 
 Data sizes:     COMRAM   BANK0   BANK1 BANK2hh BANK2hl
      Params:         0       0       0       0       0
      Locals:         1       0       0       0       0
      Temps:          2       0       0       0       0
      Totals:         3       0       0       0       0
Total ram usage:        3 bytes
 Hardware stack levels used:    1
 Hardware stack levels required when called:    1
 This function calls:
		i2_Read_b_eep
 This function is called by:
		i2_SYSTEM_Initialize
 This function uses a non-reentrant model


 *************** function i2_Read_b_eep *****************
 Defined at:
		line 23 in file "/Applications/microchip/xc8/v1.35/sources/pic18/plib/EEP/read_B.c"
 Parameters:    Size  Location     Type
  badd            2    0[COMRAM] unsigned int 
 Auto vars:     Size  Location     Type
		None
 Return value:  Size  Location     Type
                  1    wreg      unsigned char 
 Registers used:
		wreg, status,2
 Tracked objects:
		On entry : 
		On exit  : 
		Unchanged: 
 Data sizes:     COMRAM   BANK0   BANK1 BANK2hh BANK2hl
      Params:         2       0       0       0       0
      Locals:         0       0       0       0       0
      Temps:          0       0       0       0       0
      Totals:         2       0       0       0       0
Total ram usage:        2 bytes
 Hardware stack levels used:    1
 This function calls:
		Nothing
 This function is called by:
		i2_SetKeyboardData
 This function uses a non-reentrant model


 *************** function i2_BUTTON_Enable *****************
 Defined at:
		line 200 in file "buttons.c"
 Parameters:    Size  Location     Type
  button          1    wreg     enum E4513
 Auto vars:     Size  Location     Type
  button          1  (no storage) enum E4513
 Return value:  Size  Location     Type
		None               void
 Registers used:
		wreg, status,2
 Tracked objects:
		On entry : 
		On exit  : 
		Unchanged: 
 Data sizes:     COMRAM   BANK0   BANK1 BANK2hh BANK2hl
      Params:         0       0       0       0       0
      Locals:         0       0       0       0       0
      Temps:          0       0       0       0       0
      Totals:         0       0       0       0       0
Total ram usage:        0 bytes
 Hardware stack levels used:    1
 This function calls:
		Nothing
 This function is called by:
		i2_SYSTEM_Initialize
 This function uses a non-reentrant model


 *************** function _USBCheckHIDRequest *****************
 Defined at:
		line 153 in file "usb_device_hid.c"
 Parameters:    Size  Location     Type
		None
 Auto vars:     Size  Location     Type
		None
 Return value:  Size  Location     Type
		None               void
 Registers used:
		wreg, status,2, status,0, cstack
 Tracked objects:
		On entry : 
		On exit  : 
		Unchanged: 
 Data sizes:     COMRAM   BANK0   BANK1 BANK2hh BANK2hl
      Params:         0       0       0       0       0
      Locals:         0       0       0       0       0
      Temps:          0       0       0       0       0
      Totals:         0       0       0       0       0
Total ram usage:        0 bytes
 Hardware stack levels used:    1
 Hardware stack levels required when called:    1
 This function calls:
		_USBHIDCBSetIdleRateHandler
		_USBHIDCBSetReportHandler
 This function is called by:
		_USER_USB_CALLBACK_EVENT_HANDLER
 This function uses a non-reentrant model


 *************** function _USBHIDCBSetReportHandler *****************
 Defined at:
		line 671 in file "app_device_keyboard.c"
 Parameters:    Size  Location     Type
		None
 Auto vars:     Size  Location     Type
		None
 Return value:  Size  Location     Type
		None               void
 Registers used:
		wreg, status,2, status,0
 Tracked objects:
		On entry : 
		On exit  : 
		Unchanged: 
 Data sizes:     COMRAM   BANK0   BANK1 BANK2hh BANK2hl
      Params:         0       0       0       0       0
      Locals:         0       0       0       0       0
      Temps:          0       0       0       0       0
      Totals:         0       0       0       0       0
Total ram usage:        0 bytes
 Hardware stack levels used:    1
 This function calls:
		Nothing
 This function is called by:
		_USBCheckHIDRequest
 This function uses a non-reentrant model


 *************** function _USBHIDCBSetIdleRateHandler *****************
 Defined at:
		line 682 in file "app_device_keyboard.c"
 Parameters:    Size  Location     Type
  reportID        1    wreg     unsigned char 
  newIdleRate     1    0[COMRAM] unsigned char 
 Auto vars:     Size  Location     Type
  reportID        1    1[COMRAM] unsigned char 
 Return value:  Size  Location     Type
		None               void
 Registers used:
		wreg, status,2
 Tracked objects:
		On entry : 
		On exit  : 
		Unchanged: 
 Data sizes:     COMRAM   BANK0   BANK1 BANK2hh BANK2hl
      Params:         1       0       0       0       0
      Locals:         1       0       0       0       0
      Temps:          0       0       0       0       0
      Totals:         2       0       0       0       0
Total ram usage:        2 bytes
 Hardware stack levels used:    1
 This function calls:
		Nothing
 This function is called by:
		_USBCheckHIDRequest
 This function uses a non-reentrant model


 *************** function _APP_KeyboardInit *****************
 Defined at:
		line 281 in file "app_device_keyboard.c"
 Parameters:    Size  Location     Type
		None
 Auto vars:     Size  Location     Type
		None
 Return value:  Size  Location     Type
		None               void
 Registers used:
		wreg, fsr2l, fsr2h, status,2, status,0, prodl, prodh, cstack
 Tracked objects:
		On entry : 
		On exit  : 
		Unchanged: 
 Data sizes:     COMRAM   BANK0   BANK1 BANK2hh BANK2hl
      Params:         0       0       0       0       0
      Locals:         0       0       0       0       0
      Temps:          0       0       0       0       0
      Totals:         0       0       0       0       0
Total ram usage:        0 bytes
 Hardware stack levels used:    1
 Hardware stack levels required when called:    2
 This function calls:
		_USBEnableEndpoint
		i2_USBTransferOnePacket
 This function is called by:
		_USER_USB_CALLBACK_EVENT_HANDLER
 This function uses a non-reentrant model


 *************** function i2_USBTransferOnePacket *****************
 Defined at:
		line 1013 in file "usb_device.c"
 Parameters:    Size  Location     Type
  ep              1    wreg     unsigned char 
  dir             1    0[COMRAM] unsigned char 
  data            2    1[COMRAM] PTR unsigned char 
		 -> inputReport(8), outputReport(8), 
  len             1    3[COMRAM] unsigned char 
 Auto vars:     Size  Location     Type
  ep              1    4[COMRAM] unsigned char 
  USBTransferO    2    5[COMRAM] PTR volatile struct __BD
		 -> BDT(32), NULL(0), 
 Return value:  Size  Location     Type
                  2    0[COMRAM] PTR void 
 Registers used:
		wreg, fsr2l, fsr2h, status,2, status,0, prodl, prodh
 Tracked objects:
		On entry : 
		On exit  : 
		Unchanged: 
 Data sizes:     COMRAM   BANK0   BANK1 BANK2hh BANK2hl
      Params:         4       0       0       0       0
      Locals:         3       0       0       0       0
      Temps:          0       0       0       0       0
      Totals:         7       0       0       0       0
Total ram usage:        7 bytes
 Hardware stack levels used:    1
 This function calls:
		Nothing
 This function is called by:
		_APP_KeyboardInit
 This function uses a non-reentrant model


 *************** function _USBEnableEndpoint *****************
 Defined at:
		line 896 in file "usb_device.c"
 Parameters:    Size  Location     Type
  ep              1    wreg     unsigned char 
  options         1    8[COMRAM] unsigned char 
 Auto vars:     Size  Location     Type
  ep              1   11[COMRAM] unsigned char 
  p               2    9[COMRAM] PTR unsigned char 
		 -> UEP0(1), 
 Return value:  Size  Location     Type
		None               void
 Registers used:
		wreg, fsr2l, fsr2h, status,2, status,0, prodl, prodh, cstack
 Tracked objects:
		On entry : 
		On exit  : 
		Unchanged: 
 Data sizes:     COMRAM   BANK0   BANK1 BANK2hh BANK2hl
      Params:         1       0       0       0       0
      Locals:         3       0       0       0       0
      Temps:          0       0       0       0       0
      Totals:         4       0       0       0       0
Total ram usage:        4 bytes
 Hardware stack levels used:    1
 Hardware stack levels required when called:    1
 This function calls:
		_USBConfigureEndpoint
 This function is called by:
		_APP_KeyboardInit
 This function uses a non-reentrant model


 *************** function _USBConfigureEndpoint *****************
 Defined at:
		line 1561 in file "usb_device.c"
 Parameters:    Size  Location     Type
  EPNum           1    wreg     unsigned char 
  direction       1    0[COMRAM] unsigned char 
 Auto vars:     Size  Location     Type
  EPNum           1    5[COMRAM] unsigned char 
  handle          2    6[COMRAM] PTR volatile struct __BD
		 -> BDT(32), 
 Return value:  Size  Location     Type
		None               void
 Registers used:
		wreg, fsr2l, fsr2h, status,2, status,0, prodl, prodh
 Tracked objects:
		On entry : 
		On exit  : 
		Unchanged: 
 Data sizes:     COMRAM   BANK0   BANK1 BANK2hh BANK2hl
      Params:         1       0       0       0       0
      Locals:         3       0       0       0       0
      Temps:          4       0       0       0       0
      Totals:         8       0       0       0       0
Total ram usage:        8 bytes
 Hardware stack levels used:    1
 This function calls:
		Nothing
 This function is called by:
		_USBEnableEndpoint
 This function uses a non-reentrant model


 *************** function _USBCtrlTrfOutHandler *****************
 Defined at:
		line 2555 in file "usb_device.c"
 Parameters:    Size  Location     Type
		None
 Auto vars:     Size  Location     Type
		None
 Return value:  Size  Location     Type
		None               void
 Registers used:
		wreg, fsr1l, fsr1h, fsr2l, fsr2h, status,2, status,0, pclat, tosl, prodl, prodh, cstack
 Tracked objects:
		On entry : 
		On exit  : 
		Unchanged: 
 Data sizes:     COMRAM   BANK0   BANK1 BANK2hh BANK2hl
      Params:         0       0       0       0       0
      Locals:         0       0       0       0       0
      Temps:          0       0       0       0       0
      Totals:         0       0       0       0       0
Total ram usage:        0 bytes
 Hardware stack levels used:    1
 Hardware stack levels required when called:    2
 This function calls:
		_USBCtrlTrfRxService
 This function is called by:
		_USBCtrlEPService
 This function uses a non-reentrant model


 *************** function _USBCtrlTrfRxService *****************
 Defined at:
		line 1870 in file "usb_device.c"
 Parameters:    Size  Location     Type
		None
 Auto vars:     Size  Location     Type
  byteToRead      1    1[COMRAM] unsigned char 
  i               1    0[COMRAM] unsigned char 
 Return value:  Size  Location     Type
		None               void
 Registers used:
		wreg, fsr1l, fsr1h, fsr2l, fsr2h, status,2, status,0, pclat, tosl, prodl, prodh, cstack
 Tracked objects:
		On entry : 
		On exit  : 
		Unchanged: 
 Data sizes:     COMRAM   BANK0   BANK1 BANK2hh BANK2hl
      Params:         0       0       0       0       0
      Locals:         2       0       0       0       0
      Temps:          0       0       0       0       0
      Totals:         2       0       0       0       0
Total ram usage:        2 bytes
 Hardware stack levels used:    1
 Hardware stack levels required when called:    1
 This function calls:
		_USBCtrlEPAllowStatusStage
		_USBHIDCBSetReportComplete
 This function is called by:
		_USBCtrlTrfOutHandler
 This function uses a non-reentrant model


 *************** function _USBCtrlEPAllowStatusStage *****************
 Defined at:
		line 1434 in file "usb_device.c"
 Parameters:    Size  Location     Type
		None
 Auto vars:     Size  Location     Type
		None
 Return value:  Size  Location     Type
		None               void
 Registers used:
		wreg, fsr2l, fsr2h, status,2, status,0
 Tracked objects:
		On entry : 
		On exit  : 
		Unchanged: 
 Data sizes:     COMRAM   BANK0   BANK1 BANK2hh BANK2hl
      Params:         0       0       0       0       0
      Locals:         0       0       0       0       0
      Temps:          0       0       0       0       0
      Totals:         0       0       0       0       0
Total ram usage:        0 bytes
 Hardware stack levels used:    1
 This function calls:
		Nothing
 This function is called by:
		_USBDeviceTasks
		_USBCtrlEPServiceComplete
		_USBCtrlTrfRxService
 This function uses a non-reentrant model


 *************** function _USBCtrlTrfInHandler *****************
 Defined at:
		line 2609 in file "usb_device.c"
 Parameters:    Size  Location     Type
		None
 Auto vars:     Size  Location     Type
  lastDTS         1    1[COMRAM] unsigned char 
 Return value:  Size  Location     Type
		None               void
 Registers used:
		wreg, fsr1l, fsr1h, fsr2l, fsr2h, status,2, status,0, pclat, tosl, tblptrl, tblptrh, tblptru, cstack
 Tracked objects:
		On entry : 
		On exit  : 
		Unchanged: 
 Data sizes:     COMRAM   BANK0   BANK1 BANK2hh BANK2hl
      Params:         0       0       0       0       0
      Locals:         1       0       0       0       0
      Temps:          0       0       0       0       0
      Totals:         1       0       0       0       0
Total ram usage:        1 bytes
 Hardware stack levels used:    1
 Hardware stack levels required when called:    1
 This function calls:
		_USBCtrlTrfTxService
		_USBHIDCBSetReportComplete
 This function is called by:
		_USBCtrlEPService
 This function uses a non-reentrant model


 *************** function _USBHIDCBSetReportComplete *****************
 Defined at:
		line 661 in file "app_device_keyboard.c"
 Parameters:    Size  Location     Type
		None
 Auto vars:     Size  Location     Type
		None
 Return value:  Size  Location     Type
		None               void
 Registers used:
		None
 Tracked objects:
		On entry : 
		On exit  : 
		Unchanged: 
 Data sizes:     COMRAM   BANK0   BANK1 BANK2hh BANK2hl
      Params:         0       0       0       0       0
      Locals:         0       0       0       0       0
      Temps:          0       0       0       0       0
      Totals:         0       0       0       0       0
Total ram usage:        0 bytes
 Hardware stack levels used:    1
 This function calls:
		Nothing
 This function is called by:
		_USBHIDCBSetReportHandler
		_USBCtrlTrfRxService
		_USBCtrlTrfInHandler
 This function uses a non-reentrant model


 *************** function _USBCtrlTrfTxService *****************
 Defined at:
		line 1789 in file "usb_device.c"
 Parameters:    Size  Location     Type
		None
 Auto vars:     Size  Location     Type
  byteToSend      1    0[COMRAM] unsigned char 
 Return value:  Size  Location     Type
		None               void
 Registers used:
		wreg, fsr1l, fsr1h, fsr2l, fsr2h, status,2, status,0, tblptrl, tblptrh, tblptru
 Tracked objects:
		On entry : 
		On exit  : 
		Unchanged: 
 Data sizes:     COMRAM   BANK0   BANK1 BANK2hh BANK2hl
      Params:         0       0       0       0       0
      Locals:         1       0       0       0       0
      Temps:          0       0       0       0       0
      Totals:         1       0       0       0       0
Total ram usage:        1 bytes
 Hardware stack levels used:    1
 This function calls:
		Nothing
 This function is called by:
		_USBCtrlEPAllowDataStage
		_USBCtrlTrfInHandler
 This function uses a non-reentrant model



MODULE INFORMATION

Module		Function		Class		Link	Load	Size
usb_device_hid.c
		_USBCheckHIDRequest		CODE           	15D0	0000	237

usb_device_hid.c estimated size: 237

buttons.c
		_BUTTON_IsPressed		CODE           	14E0	0000	241
		_BUTTON_Enable 		CODE           	248E	0000	17

buttons.c estimated size: 258

/Applications/microchip/xc8/v1.35/sources/pic18/plib/EEP/busy_eep.c
		_Busy_eep      		CODE           	24AE	0000	7

/Applications/microchip/xc8/v1.35/sources/pic18/plib/EEP/busy_eep.c estimated size: 7

/Applications/microchip/xc8/v1.35/sources/common/memset.c
		_memset        		CODE           	22BC	0000	53

/Applications/microchip/xc8/v1.35/sources/common/memset.c estimated size: 53

/Applications/microchip/xc8/v1.35/sources/pic18/plib/EEP/write_B.c
		_Write_b_eep   		CODE           	220C	0000	63

/Applications/microchip/xc8/v1.35/sources/pic18/plib/EEP/write_B.c estimated size: 63

/Applications/microchip/xc8/v1.35/sources/pic18/plib/EEP/read_B.c
		_Read_b_eep    		CODE           	2458	0000	19

/Applications/microchip/xc8/v1.35/sources/pic18/plib/EEP/read_B.c estimated size: 19

app_device_keyboard.c
		_APP_KeyboardProcessOutputReport		CODE           	10A0	0000	301
		_APP_KeyboardInit		CODE           	20C6	0000	97
		_USBHIDCBSetIdleRateHandler		CODE           	247C	0000	19
		_USBHIDCBSetReportHandler		CODE           	243C	0000	29
		_APP_KeyboardTasks		CODE           	03D4	0000	1311
		_USBHIDCBSetReportComplete		CODE           	24B4	0000	3

app_device_keyboard.c estimated size: 1760

shared
		_configDescriptor1		SMALLCONST     	037C	0000	42
		_USB_CD_Ptr    		SMALLCONST     	0307	0000	3
		_sd001         		SMALLCONST     	0348	0000	53
		i2_BUTTON_Enable		CODE           	249E	0000	17
		_sd002         		SMALLCONST     	03A5	0000	25
		i2_USBDeviceInit		CODE           	0CE4	0000	343
		i2_SetKeyboardData		CODE           	1BC6	0000	193
		i2_Read_b_eep  		CODE           	246A	0000	19
		__initialization		CODE           	23CE	0000	25
		_device_dsc    		SMALLCONST     	03BD	0000	19
		i2_SYSTEM_Initialize		CODE           	241A	0000	35
		_USB_SD_Ptr    		SMALLCONST     	0301	0000	7
		_hid_rpt01     		SMALLCONST     	0309	0000	64
		i2_memset      		CODE           	2352	0000	45
		_sd000         		SMALLCONST     	03CF	0000	5
		i2_USBTransferOnePacket		CODE           	1C86	0000	187

shared estimated size: 1082

usb_device.c
		_USBCtrlTrfInHandler		CODE           	16BC	0000	225
		_USBTransferOnePacket		CODE           	1952	0000	217
		_USBDeviceAttach		CODE           	22F0	0000	51
		_USBStdGetDscHandler		CODE           	11CC	0000	289
		_USBCtrlEPAllowDataStage		CODE           	1DF0	0000	157
		_USBStdFeatureReqHandler		CODE           	08F2	0000	639
		_USBCtrlEPAllowStatusStage		CODE           	1A2A	0000	207
		_USBCtrlTrfSetupHandler		CODE           	203E	0000	137
		_USBCtrlTrfOutHandler		CODE           	2126	0000	97
		_USBCtrlEPServiceComplete		CODE           	12EC	0000	257
		_USBSuspend    		CODE           	2322	0000	49
		_USBStdSetCfgHandler		CODE           	179C	0000	221
		_USBStdGetStatusHandler		CODE           	1D40	0000	177
		_USBWakeFromSuspend		CODE           	2286	0000	55
		_USBCtrlTrfRxService		CODE           	0F70	0000	305
		_USBCtrlTrfTxService		CODE           	1AF8	0000	207
		_USBEnableEndpoint		CODE           	224A	0000	61
		_USBConfigureEndpoint		CODE           	1E8C	0000	149
		_USBDeviceInit 		CODE           	0B70	0000	373
		_USBIncrement1msInternalTimers		CODE           	23A6	0000	41
		_USBCtrlEPService		CODE           	1F20	0000	147
		_USBStallHandler		CODE           	2186	0000	71
		_USBDeviceTasks		CODE           	0E3A	0000	311
		_USBCheckStdRequest		CODE           	1878	0000	219

usb_device.c estimated size: 4662

/Applications/microchip/xc8/v1.35/sources/common/memcpy.c
		_memcpy        		CODE           	21CC	0000	65

/Applications/microchip/xc8/v1.35/sources/common/memcpy.c estimated size: 65

main.c
		_main          		CODE           	237E	0000	41
		_USER_USB_CALLBACK_EVENT_HANDLER		CODE           	1FB2	0000	141

main.c estimated size: 182

system.c
		_SYS_InterruptHigh		CODE           	0008	0000	123
		_SetKeyboardData		CODE           	13EC	0000	245
		_SYSTEM_Initialize		CODE           	23F4	0000	39

system.c estimated size: 407

